
Memory Configuration

Name             Origin             Length             Attributes
*default*        0x00000000         0xffffffff

Linker script and memory map

LOAD build/main.o
LOAD build/jtag.o
LOAD uart.o
LOAD gpio.o

.init           0x00008000        0x4
 *(.init)
 .init          0x00008000        0x4 build/main.o
                0x00008000                _start

.data           0x00009080      0x3e0
 *(.data)
 .data          0x00009080      0x3e0 build/main.o
 .data          0x00009460        0x0 build/jtag.o
 .data          0x00009460        0x0 uart.o
 .data          0x00009460        0x0 gpio.o
 *.c.o(*)

.igot.plt       0x00009460        0x0
 .igot.plt      0x00000000        0x0 build/main.o

.text           0x00009460      0x414
 *.c.o(.text)
 *(.text)
 .text          0x00009460       0xf8 build/main.o
 .text          0x00009558       0x8c build/jtag.o
                0x00009558                EnableJTAG
 .text          0x000095e4      0x1b8 uart.o
                0x000095e4                InitUART
                0x000096a4                PutCharUART
                0x000096c0                GetCharUART
                0x000096dc                WriteStringUART
                0x0000970c                ReadLineUART
 .text          0x0000979c       0xd8 gpio.o
                0x0000979c                GetGpioAddress
                0x000097a4                SetGpioFunction
                0x000097f0                SetGpio
                0x0000982c                GetGpio
OUTPUT(build/output.elf elf32-littlearm)

.glue_7         0x00009874        0x0
 .glue_7        0x00000000        0x0 linker stubs

.glue_7t        0x00009874        0x0
 .glue_7t       0x00000000        0x0 linker stubs

.vfp11_veneer   0x00009874        0x0
 .vfp11_veneer  0x00000000        0x0 linker stubs

.v4_bx          0x00009874        0x0
 .v4_bx         0x00000000        0x0 linker stubs

.iplt           0x00009874        0x0
 .iplt          0x00000000        0x0 build/main.o

.rel.dyn        0x00009874        0x0
 .rel.iplt      0x00000000        0x0 build/main.o

.bss            0x00009874        0x0
 .bss           0x00009874        0x0 build/main.o
 .bss           0x00009874        0x0 build/jtag.o
 .bss           0x00009874        0x0 uart.o
 .bss           0x00009874        0x0 gpio.o

.ARM.attributes
                0x00000000       0x29
 .ARM.attributes
                0x00000000       0x29 build/main.o
 .ARM.attributes
                0x00000029       0x29 build/jtag.o
 .ARM.attributes
                0x00000052       0x29 uart.o
 .ARM.attributes
                0x0000007b       0x29 gpio.o

.debug_line     0x00000000      0x21d
 .debug_line    0x00000000       0x8c build/main.o
 .debug_line    0x0000008c       0x61 build/jtag.o
 .debug_line    0x000000ed       0xb7 uart.o
 .debug_line    0x000001a4       0x79 gpio.o

.debug_info     0x00000000      0x186
 .debug_info    0x00000000       0x67 build/main.o
 .debug_info    0x00000067       0x6b build/jtag.o
 .debug_info    0x000000d2       0x5a uart.o
 .debug_info    0x0000012c       0x5a gpio.o

.debug_abbrev   0x00000000       0x4e
 .debug_abbrev  0x00000000       0x12 build/main.o
 .debug_abbrev  0x00000012       0x14 build/jtag.o
 .debug_abbrev  0x00000026       0x14 uart.o
 .debug_abbrev  0x0000003a       0x14 gpio.o

.debug_aranges  0x00000000       0x88
 .debug_aranges
                0x00000000       0x28 build/main.o
 .debug_aranges
                0x00000028       0x20 build/jtag.o
 .debug_aranges
                0x00000048       0x20 uart.o
 .debug_aranges
                0x00000068       0x20 gpio.o

.debug_ranges   0x00000000       0x20
 .debug_ranges  0x00000000       0x20 build/main.o
